checkpoint : output/train_llio128/checkpoints/checkpoint_99.pt (epoch 99)
RF model   : output/rf_yolo26/rf_corrector.joblib  (alpha=1.0 clip=0.75 hist=50)

=== seen + RF -> output/test_llio128/seen_rf
/mnt/data/suryansh/miniconda3/envs/ronin/lib/python3.11/site-packages/sklearn/base.py:525: InconsistentVersionWarning: Trying to unpickle estimator DecisionTreeRegressor from version 1.8.0 when using version 1.9.0. This might lead to breaking code or invalid results. Use at your own risk. For more info please refer to:
https://scikit-learn.org/stable/model_persistence.html#security-maintainability-limitations
  warnings.warn(
/mnt/data/suryansh/miniconda3/envs/ronin/lib/python3.11/site-packages/sklearn/base.py:525: InconsistentVersionWarning: Trying to unpickle estimator RandomForestRegressor from version 1.8.0 when using version 1.9.0. This might lead to breaking code or invalid results. Use at your own risk. For more info please refer to:
https://scikit-learn.org/stable/model_persistence.html#security-maintainability-limitations
  warnings.warn(
a001_2: device: asus7, ori_error (game_rv): 8.617
[LLIO-1D] Plain baseline mode: training from scratch.
[LLIO-1D] ResMLP128 config: patch_num=4, patch_len=50, feature_dim=128, blocks=6, expansion=2
[llio] Parameters: 489,570
Model output/train_llio128/checkpoints/checkpoint_99.pt loaded to device cuda:0.
RF model output/rf_yolo26/rf_corrector.joblib loaded.
a001_2: device: asus7, ori_error (game_rv): 8.617
Sequence a001_2, loss [0.030139 0.051089] / 0.04061420261859894, ate 3.770214, rte 4.639512, neural=387.43ms, rf=257.58ms, total=645.02ms, time_per_sample=0.0513ms
a003_3: device: samsung1, ori_error (game_rv): 1.669
Sequence a003_3, loss [0.026865 0.038566] / 0.03271546959877014, ate 4.533232, rte 2.738829, neural=156.48ms, rf=214.25ms, total=370.74ms, time_per_sample=0.0381ms
a004_3: device: asus3, ori_error (game_rv): 14.735
Sequence a004_3, loss [0.010772 0.020989] / 0.015880409628152847, ate 3.736263, rte 1.995957, neural=85.11ms, rf=183.12ms, total=268.22ms, time_per_sample=0.0525ms
a005_3: device: samsung1, ori_error (game_rv): 1.271
Sequence a005_3, loss [0.050665 0.063005] / 0.056835196912288666, ate 10.591138, rte 5.411002, neural=146.43ms, rf=211.65ms, total=358.08ms, time_per_sample=0.0304ms
a009_1: device: asus4, ori_error (game_rv): 2.222
Sequence a009_1, loss [0.048618 0.083583] / 0.06610044836997986, ate 7.043224, rte 5.259868, neural=147.58ms, rf=211.67ms, total=359.25ms, time_per_sample=0.0435ms
a010_2: device: samsung1, ori_error (game_rv): 17.991
Sequence a010_2, loss [0.016109 0.022360] / 0.01923416368663311, ate 5.588125, rte 2.823961, neural=154.19ms, rf=211.37ms, total=365.56ms, time_per_sample=0.0280ms
a011_2: device: samsung1, ori_error (game_rv): 30.493
Sequence a011_2, loss [0.021933 0.028577] / 0.025254834443330765, ate 4.958999, rte 5.815013, neural=215.23ms, rf=235.05ms, total=450.28ms, time_per_sample=0.0330ms
a012_2: device: samsung1, ori_error (game_rv): 4.979
Sequence a012_2, loss [0.036461 0.045991] / 0.041226066648960114, ate 3.895874, rte 3.388670, neural=148.53ms, rf=219.55ms, total=368.08ms, time_per_sample=0.0311ms
a013_2: device: asus4, ori_error (game_rv): 5.244
Sequence a013_2, loss [0.037088 0.040905] / 0.03899665176868439, ate 8.456321, rte 4.993749, neural=152.06ms, rf=223.39ms, total=375.46ms, time_per_sample=0.0296ms
a014_2: device: asus4, ori_error (game_rv): 7.929
Sequence a014_2, loss [0.020706 0.019414] / 0.020060010254383087, ate 2.876952, rte 2.556062, neural=139.01ms, rf=217.45ms, total=356.46ms, time_per_sample=0.0310ms
a016_1: device: asus4, ori_error (game_rv): 5.513
Sequence a016_1, loss [0.025166 0.023703] / 0.024434495717287064, ate 5.774658, rte 3.063736, neural=109.28ms, rf=212.08ms, total=321.36ms, time_per_sample=0.0361ms
a017_2: device: samsung1, ori_error (game_rv): 4.091
Sequence a017_2, loss [0.040963 0.037065] / 0.039013929665088654, ate 4.425101, rte 3.350621, neural=150.36ms, rf=221.97ms, total=372.33ms, time_per_sample=0.0296ms
a020_2: device: asus3, ori_error (game_rv): 3.441
Sequence a020_2, loss [0.044885 0.057282] / 0.0510830357670784, ate 5.841506, rte 3.976654, neural=94.68ms, rf=206.28ms, total=300.96ms, time_per_sample=0.0397ms
a021_2: device: samsung1, ori_error (game_rv): 6.462
Sequence a021_2, loss [0.035438 0.031359] / 0.03339817747473717, ate 5.545947, rte 3.061063, neural=136.41ms, rf=218.39ms, total=354.80ms, time_per_sample=0.0311ms
a022_2: device: asus5, ori_error (game_rv): 3.583
Sequence a022_2, loss [0.101444 0.117557] / 0.10950043797492981, ate 11.641309, rte 8.729983, neural=136.72ms, rf=216.93ms, total=353.64ms, time_per_sample=0.0319ms
a023_1: device: asus5, ori_error (game_rv): 7.791
Sequence a023_1, loss [0.013122 0.022132] / 0.017626918852329254, ate 3.897471, rte 2.288614, neural=97.91ms, rf=199.64ms, total=297.55ms, time_per_sample=0.0378ms
a025_2: device: samsung1, ori_error (game_rv): 2.222
Sequence a025_2, loss [0.089267 0.082359] / 0.08581261336803436, ate 6.756609, rte 6.197128, neural=149.00ms, rf=220.75ms, total=369.75ms, time_per_sample=0.0298ms
a026_2: device: asus4, ori_error (game_rv): 8.912
Sequence a026_2, loss [0.019403 0.021323] / 0.02036309242248535, ate 5.897378, rte 2.639095, neural=391.83ms, rf=208.64ms, total=600.47ms, time_per_sample=0.0504ms
a027_2: device: samsung1, ori_error (game_rv): 11.382
Sequence a027_2, loss [0.018724 0.022063] / 0.02039310522377491, ate 3.446480, rte 1.728285, neural=159.88ms, rf=223.57ms, total=383.45ms, time_per_sample=0.0289ms
a030_3: device: samsung1, ori_error (game_rv): 5.627
Sequence a030_3, loss [0.015527 0.025502] / 0.020514436066150665, ate 7.668145, rte 2.833128, neural=185.08ms, rf=224.96ms, total=410.04ms, time_per_sample=0.0275ms
a031_2: device: samsung1, ori_error (game_rv): 4.495
Sequence a031_2, loss [0.017473 0.036865] / 0.027168815955519676, ate 5.360150, rte 2.698940, neural=153.16ms, rf=222.09ms, total=375.25ms, time_per_sample=0.0304ms
a033_2: device: samsung1, ori_error (game_rv): 1.657
Sequence a033_2, loss [0.018572 0.016553] / 0.017562709748744965, ate 3.432084, rte 1.936898, neural=171.16ms, rf=224.84ms, total=396.00ms, time_per_sample=0.0279ms
a035_3: device: samsung1, ori_error (game_rv): 8.565
Sequence a035_3, loss [0.020002 0.019274] / 0.01963796280324459, ate 5.135018, rte 3.180526, neural=138.56ms, rf=217.28ms, total=355.84ms, time_per_sample=0.0305ms
a036_2: device: asus4, ori_error (game_rv): 16.805
Sequence a036_2, loss [0.019008 0.011813] / 0.015410611405968666, ate 3.109336, rte 3.107659, neural=326.28ms, rf=224.95ms, total=551.24ms, time_per_sample=0.0382ms
a037_1: device: asus4, ori_error (game_rv): 4.859
Sequence a037_1, loss [0.007636 0.008712] / 0.008174269460141659, ate 1.408942, rte 1.098733, neural=121.26ms, rf=204.23ms, total=325.50ms, time_per_sample=0.0329ms
a038_2: device: samsung1, ori_error (game_rv): 5.030
Sequence a038_2, loss [0.007030 0.008769] / 0.00789923407137394, ate 2.521901, rte 1.504021, neural=109.80ms, rf=210.63ms, total=320.43ms, time_per_sample=0.0357ms
a044_2: device: samsung1, ori_error (game_rv): 2.577
Sequence a044_2, loss [0.045452 0.038193] / 0.041822850704193115, ate 9.248387, rte 3.911419, neural=149.38ms, rf=412.71ms, total=562.08ms, time_per_sample=0.0449ms
a046_2: device: samsung1, ori_error (game_rv): 12.161
Sequence a046_2, loss [0.044065 0.097703] / 0.07088407874107361, ate 7.277585, rte 8.141792, neural=318.77ms, rf=239.31ms, total=558.08ms, time_per_sample=0.0370ms
a047_2: device: asus4, ori_error (game_rv): 16.972
Sequence a047_2, loss [0.018535 0.021730] / 0.02013288252055645, ate 1.971818, rte 2.972309, neural=158.58ms, rf=212.10ms, total=370.67ms, time_per_sample=0.0277ms
a000_7: device: asus4, ori_error (game_rv): 8.354
Sequence a000_7, loss [0.019469 0.016370] / 0.017919735983014107, ate 2.933623, rte 3.535091, neural=76.83ms, rf=194.12ms, total=270.95ms, time_per_sample=0.0462ms
a000_11: device: asus6, ori_error (game_rv): 16.363
Sequence a000_11, loss [0.010761 0.012911] / 0.011836186051368713, ate 2.477387, rte 2.988356, neural=76.64ms, rf=192.88ms, total=269.53ms, time_per_sample=0.0483ms
a059_2: device: asus4, ori_error (game_rv): 7.410
Sequence a059_2, loss [0.032269 0.048115] / 0.040192097425460815, ate 4.011488, rte 3.305091, neural=108.43ms, rf=200.87ms, total=309.30ms, time_per_sample=0.0361ms

================================================================================
[TIMING SUMMARY] YOLO26 + RF Postprocessing
Mean time per sample (neural): 0.0148 ms
Mean time per sample (RF): 0.0200 ms
Mean time per sample (total): 0.0348 ms
================================================================================

----------
Overall loss: [0.030111 0.037245]/0.033678095787763596, avg ATE:5.163520798773375, avg RTE:3.620992740090093

=== unseen + RF -> output/test_llio128/unseen_rf
/mnt/data/suryansh/miniconda3/envs/ronin/lib/python3.11/site-packages/sklearn/base.py:525: InconsistentVersionWarning: Trying to unpickle estimator DecisionTreeRegressor from version 1.8.0 when using version 1.9.0. This might lead to breaking code or invalid results. Use at your own risk. For more info please refer to:
https://scikit-learn.org/stable/model_persistence.html#security-maintainability-limitations
  warnings.warn(
/mnt/data/suryansh/miniconda3/envs/ronin/lib/python3.11/site-packages/sklearn/base.py:525: InconsistentVersionWarning: Trying to unpickle estimator RandomForestRegressor from version 1.8.0 when using version 1.9.0. This might lead to breaking code or invalid results. Use at your own risk. For more info please refer to:
https://scikit-learn.org/stable/model_persistence.html#security-maintainability-limitations
  warnings.warn(
a006_2: device: samsung1, ori_error (game_rv): 3.978
[LLIO-1D] Plain baseline mode: training from scratch.
[LLIO-1D] ResMLP128 config: patch_num=4, patch_len=50, feature_dim=128, blocks=6, expansion=2
[llio] Parameters: 489,570
Model output/train_llio128/checkpoints/checkpoint_99.pt loaded to device cuda:0.
RF model output/rf_yolo26/rf_corrector.joblib loaded.
a006_2: device: samsung1, ori_error (game_rv): 3.978
Sequence a006_2, loss [0.027572 0.040142] / 0.03385709598660469, ate 8.279977, rte 4.283981, neural=376.15ms, rf=222.20ms, total=598.35ms, time_per_sample=0.0357ms
a019_3: device: samsung1, ori_error (game_rv): 1.323
Sequence a019_3, loss [0.109852 0.047307] / 0.07857941091060638, ate 6.304987, rte 6.283274, neural=104.95ms, rf=190.87ms, total=295.81ms, time_per_sample=0.0335ms
a024_1: device: samsung1, ori_error (game_rv): 10.395
Sequence a024_1, loss [0.074231 0.070712] / 0.07247157394886017, ate 4.402646, rte 3.141313, neural=105.56ms, rf=191.27ms, total=296.83ms, time_per_sample=0.0325ms
a024_3: device: samsung1, ori_error (game_rv): 3.795
Sequence a024_3, loss [0.048410 0.033138] / 0.0407741479575634, ate 4.112416, rte 3.168592, neural=163.21ms, rf=373.16ms, total=536.38ms, time_per_sample=0.0518ms
a029_1: device: samsung1, ori_error (game_rv): 18.731
Sequence a029_1, loss [0.083416 0.037878] / 0.06064730882644653, ate 3.746120, rte 5.499399, neural=131.17ms, rf=200.74ms, total=331.91ms, time_per_sample=0.0395ms
a029_2: device: samsung1, ori_error (game_rv): 10.180
Sequence a029_2, loss [0.030002 0.020804] / 0.025402765721082687, ate 4.030090, rte 3.609794, neural=121.57ms, rf=214.54ms, total=336.11ms, time_per_sample=0.0322ms
a032_1: device: asus4, ori_error (game_rv): 1.794
Sequence a032_1, loss [0.030274 0.036612] / 0.03344268351793289, ate 4.217997, rte 4.568269, neural=101.16ms, rf=201.17ms, total=302.32ms, time_per_sample=0.0354ms
a032_3: device: asus4, ori_error (game_rv): 3.553
Sequence a032_3, loss [0.130633 0.178502] / 0.1545674204826355, ate 11.877538, rte 11.689302, neural=212.53ms, rf=224.27ms, total=436.80ms, time_per_sample=0.0316ms
a042_2: device: asus4, ori_error (game_rv): 12.481
Sequence a042_2, loss [0.023141 0.027684] / 0.02541254088282585, ate 3.730647, rte 3.163134, neural=164.65ms, rf=237.25ms, total=401.90ms, time_per_sample=0.0281ms
a049_1: device: asus7, ori_error (game_rv): 34.273
Sequence a049_1, loss [0.029605 0.044728] / 0.03716658800840378, ate 3.120479, rte 4.668304, neural=82.54ms, rf=198.57ms, total=281.11ms, time_per_sample=0.0406ms
a049_2: device: asus7, ori_error (game_rv): 5.120
Sequence a049_2, loss [0.027111 0.019153] / 0.02313181571662426, ate 4.634624, rte 2.231116, neural=197.24ms, rf=418.33ms, total=615.57ms, time_per_sample=0.0466ms
a049_3: device: asus7, ori_error (game_rv): 6.177
Sequence a049_3, loss [0.024717 0.019160] / 0.021938413381576538, ate 3.120208, rte 2.765238, neural=150.64ms, rf=209.65ms, total=360.29ms, time_per_sample=0.0279ms
a050_1: device: samsung1, ori_error (game_rv): 7.429
Sequence a050_1, loss [0.078406 0.113989] / 0.09619764983654022, ate 17.616767, rte 9.096244, neural=84.46ms, rf=206.38ms, total=290.84ms, time_per_sample=0.0409ms
a050_3: device: samsung1, ori_error (game_rv): 11.619
Sequence a050_3, loss [0.076066 0.099549] / 0.08780744671821594, ate 8.949343, rte 7.934519, neural=149.37ms, rf=222.54ms, total=371.91ms, time_per_sample=0.0280ms
a051_1: device: asus4, ori_error (game_rv): 35.594
Sequence a051_1, loss [0.046820 0.051075] / 0.048947203904390335, ate 6.152889, rte 5.064152, neural=210.85ms, rf=222.21ms, total=433.06ms, time_per_sample=0.0240ms
a051_2: device: asus4, ori_error (game_rv): 13.092
Sequence a051_2, loss [0.016695 0.011966] / 0.014330392703413963, ate 4.003951, rte 1.692975, neural=167.73ms, rf=224.09ms, total=391.82ms, time_per_sample=0.0272ms
a051_3: device: asus4, ori_error (game_rv): 0.750
Sequence a051_3, loss [0.025297 0.017526] / 0.02141147293150425, ate 3.279829, rte 2.297306, neural=88.83ms, rf=197.25ms, total=286.08ms, time_per_sample=0.0380ms
a052_2: device: samsung1, ori_error (game_rv): 8.257
Sequence a052_2, loss [0.101819 0.139142] / 0.12048040330410004, ate 8.657022, rte 9.685648, neural=90.12ms, rf=196.33ms, total=286.45ms, time_per_sample=0.0395ms
a053_1: device: asus4, ori_error (game_rv): 20.488
Sequence a053_1, loss [0.022220 0.018395] / 0.020307134836912155, ate 2.044125, rte 2.241788, neural=108.24ms, rf=201.33ms, total=309.57ms, time_per_sample=0.0338ms
a053_2: device: asus4, ori_error (game_rv): 2.682
Sequence a053_2, loss [0.027795 0.025020] / 0.026407508179545403, ate 2.880151, rte 3.571317, neural=147.97ms, rf=222.39ms, total=370.37ms, time_per_sample=0.0290ms
a053_3: device: asus4, ori_error (game_rv): 4.051
Sequence a053_3, loss [0.025995 0.025340] / 0.025667229667305946, ate 5.307711, rte 3.636521, neural=135.59ms, rf=400.07ms, total=535.66ms, time_per_sample=0.0455ms
a054_1: device: asus4, ori_error (game_rv): 12.810
Sequence a054_1, loss [0.087694 0.055180] / 0.07143688201904297, ate 9.080890, rte 7.141537, neural=83.06ms, rf=187.10ms, total=270.16ms, time_per_sample=0.0396ms
a054_2: device: asus4, ori_error (game_rv): 2.087
Sequence a054_2, loss [0.023146 0.036271] / 0.029708418995141983, ate 5.669094, rte 3.337898, neural=144.26ms, rf=208.75ms, total=353.01ms, time_per_sample=0.0291ms
a054_3: device: asus4, ori_error (game_rv): 5.550
Sequence a054_3, loss [0.066179 0.051601] / 0.05889023840427399, ate 10.074983, rte 5.236185, neural=153.17ms, rf=221.64ms, total=374.81ms, time_per_sample=0.0280ms
a055_2: device: asus3, ori_error (game_rv): 0.887
Sequence a055_2, loss [0.133699 0.178211] / 0.15595492720603943, ate 12.185682, rte 7.519708, neural=161.57ms, rf=224.46ms, total=386.03ms, time_per_sample=0.0288ms
a055_3: device: asus3, ori_error (game_rv): 4.760
Sequence a055_3, loss [0.219520 0.176862] / 0.198190838098526, ate 12.595432, rte 8.019047, neural=159.81ms, rf=224.26ms, total=384.07ms, time_per_sample=0.0280ms
a057_1: device: samsung1, ori_error (game_rv): 24.549
Sequence a057_1, loss [0.120261 0.142731] / 0.13149625062942505, ate 8.290277, rte 10.018941, neural=126.54ms, rf=214.15ms, total=340.69ms, time_per_sample=0.0321ms
a057_2: device: samsung1, ori_error (game_rv): 1.853
Sequence a057_2, loss [0.055668 0.047462] / 0.051564864814281464, ate 5.100193, rte 3.501626, neural=163.68ms, rf=222.43ms, total=386.11ms, time_per_sample=0.0285ms
a057_3: device: samsung1, ori_error (game_rv): 6.956
Sequence a057_3, loss [0.066364 0.063570] / 0.06496666371822357, ate 14.043392, rte 5.776933, neural=140.63ms, rf=198.83ms, total=339.46ms, time_per_sample=0.0283ms
a058_1: device: asus4, ori_error (game_rv): 31.679
Sequence a058_1, loss [0.109832 0.038619] / 0.07422541826963425, ate 4.636589, rte 8.475505, neural=93.08ms, rf=197.76ms, total=290.84ms, time_per_sample=0.0368ms
a058_2: device: asus4, ori_error (game_rv): 9.231
Sequence a058_2, loss [0.014996 0.014208] / 0.014602398499846458, ate 2.863116, rte 3.016954, neural=154.59ms, rf=211.64ms, total=366.23ms, time_per_sample=0.0277ms
a058_3: device: asus4, ori_error (game_rv): 9.122
Sequence a058_3, loss [0.065062 0.064570] / 0.06481604278087616, ate 4.261760, rte 5.409854, neural=151.44ms, rf=223.22ms, total=374.66ms, time_per_sample=0.0288ms

================================================================================
[TIMING SUMMARY] YOLO26 + RF Postprocessing
Mean time per sample (neural): 0.0127 ms
Mean time per sample (RF): 0.0200 ms
Mean time per sample (total): 0.0327 ms
================================================================================

----------
Overall loss: [0.063203 0.060847]/0.0620250329375267, avg ATE:6.539716349623941, avg RTE:5.242074136492601

=== LLIO-Net ResMLP128, 100-epoch MuSGD run (best epoch 99)
  seen         avg ATE:5.348255933892724, avg RTE:3.98779769912427
  seen_rf      avg ATE:5.163520798773375, avg RTE:3.620992740090093
  unseen       avg ATE:7.02854478241278, avg RTE:5.67767489524795
  unseen_rf    avg ATE:6.539716349623941, avg RTE:5.242074136492601
