python: /mnt/data/suryansh/miniconda3/envs/ronin/bin/python
training root: data/train_dataset | GPU 1 | epochs 100 | ResMLP128 | out: output/train_llio128
model: LLIO-Net ResMLP128 | parameters: 489,570 | FP32 size: 1.87 MiB
       reference: YOLOv26-1D-Eff 598,530 (2.28 MiB) | RoNIN ResNet 4,634,882 (17.68 MiB)
=== [1/3] training LLIO-Net (ResMLP128) for 100 epochs on GPU 1
Training set loaded. Feature size: 6, target size: 2. Time usage: 2.307s
[LLIO-1D] Plain baseline mode: training from scratch.
[LLIO-1D] ResMLP128 config: patch_num=4, patch_len=50, feature_dim=128, blocks=6, expansion=2
[llio] Parameters: 489,570
Number of train samples: 795215
Number of val samples: 162955
Total number of parameters:  489570
[Optimizer] MuSGD lr=1.00e-04, momentum=0.9, weight_decay=1.00e-04, ns_steps=5
Start from epoch 0
-------------------------
Init: average loss: [0.348884 0.352374]/0.350629
Validation loss: [0.353822 0.412492]/0.383157
-------------------------
Epoch 0, time usage: 237.644s, average loss: [0.303207 0.302643]/0.302925
Validation loss: [0.200535 0.210569]/0.205552
  LR: 1.00e-04
Model saved to  output/train_llio128/checkpoints/checkpoint_0.pt
-------------------------
Epoch 1, time usage: 221.507s, average loss: [0.148926 0.150011]/0.149468
Validation loss: [0.110298 0.116495]/0.113396
  LR: 1.00e-04
Model saved to  output/train_llio128/checkpoints/checkpoint_1.pt
-------------------------
Epoch 2, time usage: 224.010s, average loss: [0.104372 0.104747]/0.104559
Validation loss: [0.093353 0.096041]/0.094697
  LR: 1.00e-04
Model saved to  output/train_llio128/checkpoints/checkpoint_2.pt
-------------------------
Epoch 3, time usage: 241.123s, average loss: [0.089974 0.089953]/0.089963
Validation loss: [0.083436 0.082595]/0.083016
  LR: 1.00e-04
Model saved to  output/train_llio128/checkpoints/checkpoint_3.pt
-------------------------
Epoch 4, time usage: 241.026s, average loss: [0.081281 0.081444]/0.081363
Validation loss: [0.077653 0.075407]/0.076530
  LR: 1.00e-04
Model saved to  output/train_llio128/checkpoints/checkpoint_4.pt
-------------------------
Epoch 5, time usage: 248.920s, average loss: [0.075888 0.076282]/0.076085
Validation loss: [0.074880 0.071272]/0.073076
  LR: 1.00e-04
Model saved to  output/train_llio128/checkpoints/checkpoint_5.pt
-------------------------
Epoch 6, time usage: 246.363s, average loss: [0.072304 0.072487]/0.072396
Validation loss: [0.072866 0.068820]/0.070843
  LR: 1.00e-04
Model saved to  output/train_llio128/checkpoints/checkpoint_6.pt
-------------------------
Epoch 7, time usage: 245.038s, average loss: [0.069428 0.069709]/0.069568
Validation loss: [0.070835 0.066587]/0.068711
  LR: 1.00e-04
Model saved to  output/train_llio128/checkpoints/checkpoint_7.pt
-------------------------
Epoch 8, time usage: 242.462s, average loss: [0.067371 0.067337]/0.067354
Validation loss: [0.069372 0.064893]/0.067133
  LR: 1.00e-04
Model saved to  output/train_llio128/checkpoints/checkpoint_8.pt
-------------------------
Epoch 9, time usage: 237.604s, average loss: [0.065310 0.065523]/0.065417
Validation loss: [0.068384 0.063890]/0.066137
  LR: 1.00e-04
Model saved to  output/train_llio128/checkpoints/checkpoint_9.pt
-------------------------
Epoch 10, time usage: 242.550s, average loss: [0.063485 0.063690]/0.063587
Validation loss: [0.067325 0.062713]/0.065019
  LR: 1.00e-04
Model saved to  output/train_llio128/checkpoints/checkpoint_10.pt
-------------------------
Epoch 11, time usage: 241.903s, average loss: [0.061944 0.062210]/0.062077
Validation loss: [0.066550 0.061542]/0.064046
  LR: 1.00e-04
Model saved to  output/train_llio128/checkpoints/checkpoint_11.pt
-------------------------
Epoch 12, time usage: 241.625s, average loss: [0.060265 0.060894]/0.060580
Validation loss: [0.065456 0.060355]/0.062906
  LR: 1.00e-04
Model saved to  output/train_llio128/checkpoints/checkpoint_12.pt
-------------------------
Epoch 13, time usage: 240.933s, average loss: [0.059276 0.059351]/0.059314
Validation loss: [0.064010 0.059144]/0.061577
  LR: 1.00e-04
Model saved to  output/train_llio128/checkpoints/checkpoint_13.pt
-------------------------
Epoch 14, time usage: 242.803s, average loss: [0.058072 0.058054]/0.058063
Validation loss: [0.063533 0.058677]/0.061105
  LR: 1.00e-04
Model saved to  output/train_llio128/checkpoints/checkpoint_14.pt
-------------------------
Epoch 15, time usage: 241.324s, average loss: [0.056879 0.057190]/0.057034
Validation loss: [0.062720 0.057422]/0.060071
  LR: 1.00e-04
Model saved to  output/train_llio128/checkpoints/checkpoint_15.pt
-------------------------
Epoch 16, time usage: 243.803s, average loss: [0.056093 0.056383]/0.056238
Validation loss: [0.062183 0.056816]/0.059499
  LR: 1.00e-04
Model saved to  output/train_llio128/checkpoints/checkpoint_16.pt
-------------------------
Epoch 17, time usage: 245.789s, average loss: [0.055568 0.055387]/0.055478
Validation loss: [0.060486 0.056696]/0.058591
  LR: 1.00e-04
Model saved to  output/train_llio128/checkpoints/checkpoint_17.pt
-------------------------
Epoch 18, time usage: 245.069s, average loss: [0.054644 0.054838]/0.054741
Validation loss: [0.060317 0.055746]/0.058032
  LR: 1.00e-04
Model saved to  output/train_llio128/checkpoints/checkpoint_18.pt
-------------------------
Epoch 19, time usage: 245.401s, average loss: [0.054103 0.054175]/0.054139
Validation loss: [0.060368 0.055668]/0.058018
  LR: 1.00e-04
Model saved to  output/train_llio128/checkpoints/checkpoint_19.pt
-------------------------
Epoch 20, time usage: 244.291s, average loss: [0.053675 0.053563]/0.053619
Validation loss: [0.059787 0.054826]/0.057306
  LR: 1.00e-04
Model saved to  output/train_llio128/checkpoints/checkpoint_20.pt
-------------------------
Epoch 21, time usage: 246.141s, average loss: [0.052974 0.053033]/0.053004
Validation loss: [0.059272 0.055117]/0.057194
  LR: 1.00e-04
Model saved to  output/train_llio128/checkpoints/checkpoint_21.pt
-------------------------
Epoch 22, time usage: 244.495s, average loss: [0.052202 0.052671]/0.052437
Validation loss: [0.058904 0.054173]/0.056538
  LR: 1.00e-04
Model saved to  output/train_llio128/checkpoints/checkpoint_22.pt
-------------------------
Epoch 23, time usage: 242.801s, average loss: [0.052038 0.052079]/0.052058
Validation loss: [0.057829 0.053782]/0.055806
  LR: 1.00e-04
Model saved to  output/train_llio128/checkpoints/checkpoint_23.pt
-------------------------
Epoch 24, time usage: 242.167s, average loss: [0.051546 0.051410]/0.051478
Validation loss: [0.057704 0.053121]/0.055412
  LR: 1.00e-04
Model saved to  output/train_llio128/checkpoints/checkpoint_24.pt
-------------------------
Epoch 25, time usage: 241.492s, average loss: [0.051173 0.051196]/0.051185
Validation loss: [0.057254 0.053157]/0.055205
  LR: 1.00e-04
Model saved to  output/train_llio128/checkpoints/checkpoint_25.pt
-------------------------
Epoch 26, time usage: 244.679s, average loss: [0.050469 0.050848]/0.050659
Validation loss: [0.057194 0.052533]/0.054864
  LR: 1.00e-04
Model saved to  output/train_llio128/checkpoints/checkpoint_26.pt
-------------------------
Epoch 27, time usage: 240.022s, average loss: [0.050214 0.050327]/0.050271
Validation loss: [0.056707 0.052440]/0.054573
  LR: 1.00e-04
Model saved to  output/train_llio128/checkpoints/checkpoint_27.pt
-------------------------
Epoch 28, time usage: 243.034s, average loss: [0.049717 0.050226]/0.049971
Validation loss: [0.057003 0.052633]/0.054818
  LR: 1.00e-04
-------------------------
Epoch 29, time usage: 245.562s, average loss: [0.049730 0.049607]/0.049669
Validation loss: [0.056886 0.052754]/0.054820
  LR: 1.00e-04
-------------------------
Epoch 30, time usage: 245.623s, average loss: [0.049560 0.049190]/0.049375
Validation loss: [0.056534 0.052082]/0.054308
  LR: 1.00e-04
Model saved to  output/train_llio128/checkpoints/checkpoint_30.pt
-------------------------
Epoch 31, time usage: 245.727s, average loss: [0.048992 0.048970]/0.048981
Validation loss: [0.055405 0.051955]/0.053680
  LR: 1.00e-04
Model saved to  output/train_llio128/checkpoints/checkpoint_31.pt
-------------------------
Epoch 32, time usage: 242.884s, average loss: [0.048616 0.048756]/0.048686
Validation loss: [0.055462 0.051488]/0.053475
  LR: 1.00e-04
Model saved to  output/train_llio128/checkpoints/checkpoint_32.pt
-------------------------
Epoch 33, time usage: 242.452s, average loss: [0.048597 0.048358]/0.048477
Validation loss: [0.055679 0.051456]/0.053568
  LR: 1.00e-04
-------------------------
Epoch 34, time usage: 243.362s, average loss: [0.048460 0.048123]/0.048291
Validation loss: [0.055090 0.051882]/0.053486
  LR: 1.00e-04
-------------------------
Epoch 35, time usage: 241.893s, average loss: [0.048172 0.047794]/0.047983
Validation loss: [0.054992 0.051436]/0.053214
  LR: 1.00e-04
Model saved to  output/train_llio128/checkpoints/checkpoint_35.pt
-------------------------
Epoch 36, time usage: 242.064s, average loss: [0.047774 0.047694]/0.047734
Validation loss: [0.054452 0.050914]/0.052683
  LR: 1.00e-04
Model saved to  output/train_llio128/checkpoints/checkpoint_36.pt
-------------------------
Epoch 37, time usage: 242.432s, average loss: [0.047491 0.047463]/0.047477
Validation loss: [0.054288 0.050665]/0.052477
  LR: 1.00e-04
Model saved to  output/train_llio128/checkpoints/checkpoint_37.pt
-------------------------
Epoch 38, time usage: 241.616s, average loss: [0.047119 0.047420]/0.047269
Validation loss: [0.054130 0.050801]/0.052465
  LR: 1.00e-04
Model saved to  output/train_llio128/checkpoints/checkpoint_38.pt
-------------------------
Epoch 39, time usage: 243.076s, average loss: [0.047024 0.047001]/0.047013
Validation loss: [0.054298 0.051036]/0.052667
  LR: 1.00e-04
-------------------------
Epoch 40, time usage: 242.133s, average loss: [0.046706 0.046811]/0.046758
Validation loss: [0.053738 0.050429]/0.052083
  LR: 1.00e-04
Model saved to  output/train_llio128/checkpoints/checkpoint_40.pt
-------------------------
Epoch 41, time usage: 240.348s, average loss: [0.046805 0.046360]/0.046582
Validation loss: [0.053931 0.050404]/0.052167
  LR: 1.00e-04
-------------------------
Epoch 42, time usage: 242.101s, average loss: [0.046546 0.046354]/0.046450
Validation loss: [0.053657 0.050641]/0.052149
  LR: 1.00e-04
-------------------------
Epoch 43, time usage: 243.298s, average loss: [0.046264 0.046122]/0.046193
Validation loss: [0.053675 0.051618]/0.052647
  LR: 1.00e-04
-------------------------
Epoch 44, time usage: 243.695s, average loss: [0.045993 0.045911]/0.045952
Validation loss: [0.052800 0.050309]/0.051554
  LR: 1.00e-04
Model saved to  output/train_llio128/checkpoints/checkpoint_44.pt
-------------------------
Epoch 45, time usage: 244.763s, average loss: [0.045761 0.045811]/0.045786
Validation loss: [0.052738 0.050011]/0.051374
  LR: 1.00e-04
Model saved to  output/train_llio128/checkpoints/checkpoint_45.pt
-------------------------
Epoch 46, time usage: 240.492s, average loss: [0.045641 0.045530]/0.045585
Validation loss: [0.053135 0.049975]/0.051555
  LR: 1.00e-04
-------------------------
Epoch 47, time usage: 241.469s, average loss: [0.045325 0.045420]/0.045373
Validation loss: [0.052991 0.049808]/0.051399
  LR: 1.00e-04
-------------------------
Epoch 48, time usage: 245.784s, average loss: [0.045027 0.045302]/0.045164
Validation loss: [0.052769 0.049382]/0.051075
  LR: 1.00e-04
Model saved to  output/train_llio128/checkpoints/checkpoint_48.pt
-------------------------
Epoch 49, time usage: 242.913s, average loss: [0.045216 0.045196]/0.045206
Validation loss: [0.052697 0.049725]/0.051211
  LR: 1.00e-04
-------------------------
Epoch 50, time usage: 243.526s, average loss: [0.044952 0.044910]/0.044931
Validation loss: [0.052625 0.049891]/0.051258
  LR: 1.00e-04
-------------------------
Epoch 51, time usage: 245.059s, average loss: [0.044839 0.044885]/0.044862
Validation loss: [0.052780 0.049491]/0.051135
  LR: 1.00e-04
-------------------------
Epoch 52, time usage: 240.787s, average loss: [0.044704 0.044654]/0.044679
Validation loss: [0.052126 0.049656]/0.050891
  LR: 1.00e-04
Model saved to  output/train_llio128/checkpoints/checkpoint_52.pt
-------------------------
Epoch 53, time usage: 241.994s, average loss: [0.044572 0.044589]/0.044581
Validation loss: [0.052732 0.049566]/0.051149
  LR: 1.00e-04
-------------------------
Epoch 54, time usage: 240.235s, average loss: [0.044358 0.044641]/0.044500
Validation loss: [0.052665 0.049230]/0.050947
  LR: 1.00e-04
-------------------------
Epoch 55, time usage: 242.093s, average loss: [0.044443 0.044283]/0.044363
Validation loss: [0.052027 0.049767]/0.050897
  LR: 1.00e-04
-------------------------
Epoch 56, time usage: 243.326s, average loss: [0.044235 0.044203]/0.044219
Validation loss: [0.052315 0.049428]/0.050871
  LR: 1.00e-04
Model saved to  output/train_llio128/checkpoints/checkpoint_56.pt
-------------------------
Epoch 57, time usage: 240.509s, average loss: [0.044194 0.044011]/0.044102
Validation loss: [0.051986 0.048955]/0.050470
  LR: 1.00e-04
Model saved to  output/train_llio128/checkpoints/checkpoint_57.pt
-------------------------
Epoch 58, time usage: 242.926s, average loss: [0.044011 0.044017]/0.044014
Validation loss: [0.051904 0.049142]/0.050523
  LR: 1.00e-04
-------------------------
Epoch 59, time usage: 243.512s, average loss: [0.043912 0.043781]/0.043846
Validation loss: [0.051997 0.049140]/0.050568
  LR: 1.00e-04
-------------------------
Epoch 60, time usage: 242.285s, average loss: [0.043793 0.043743]/0.043768
Validation loss: [0.052300 0.048806]/0.050553
  LR: 1.00e-04
-------------------------
Epoch 61, time usage: 242.257s, average loss: [0.043736 0.043558]/0.043647
Validation loss: [0.052128 0.048468]/0.050298
  LR: 1.00e-04
Model saved to  output/train_llio128/checkpoints/checkpoint_61.pt
-------------------------
Epoch 62, time usage: 241.636s, average loss: [0.043603 0.043558]/0.043580
Validation loss: [0.051925 0.048834]/0.050380
  LR: 1.00e-04
-------------------------
Epoch 63, time usage: 239.174s, average loss: [0.043382 0.043429]/0.043405
Validation loss: [0.051635 0.048480]/0.050058
  LR: 1.00e-04
Model saved to  output/train_llio128/checkpoints/checkpoint_63.pt
-------------------------
Epoch 64, time usage: 239.432s, average loss: [0.043333 0.043340]/0.043337
Validation loss: [0.051448 0.048328]/0.049888
  LR: 1.00e-04
Model saved to  output/train_llio128/checkpoints/checkpoint_64.pt
-------------------------
Epoch 65, time usage: 244.821s, average loss: [0.043272 0.043256]/0.043264
Validation loss: [0.051696 0.048619]/0.050158
  LR: 1.00e-04
-------------------------
Epoch 66, time usage: 243.845s, average loss: [0.043048 0.043272]/0.043160
Validation loss: [0.052105 0.048145]/0.050125
  LR: 1.00e-04
-------------------------
Epoch 67, time usage: 242.631s, average loss: [0.043004 0.043171]/0.043088
Validation loss: [0.052076 0.047894]/0.049985
  LR: 1.00e-04
-------------------------
Epoch 68, time usage: 246.651s, average loss: [0.042882 0.043014]/0.042948
Validation loss: [0.051874 0.048408]/0.050141
  LR: 1.00e-04
-------------------------
Epoch 69, time usage: 242.709s, average loss: [0.042869 0.042949]/0.042909
Validation loss: [0.051596 0.047974]/0.049785
  LR: 1.00e-04
Model saved to  output/train_llio128/checkpoints/checkpoint_69.pt
-------------------------
Epoch 70, time usage: 241.677s, average loss: [0.042930 0.042702]/0.042816
Validation loss: [0.051631 0.048122]/0.049877
  LR: 1.00e-04
-------------------------
Epoch 71, time usage: 244.404s, average loss: [0.042794 0.042734]/0.042764
Validation loss: [0.051168 0.048439]/0.049803
  LR: 1.00e-04
-------------------------
Epoch 72, time usage: 244.004s, average loss: [0.042626 0.042836]/0.042731
Validation loss: [0.051581 0.047426]/0.049503
  LR: 1.00e-04
Model saved to  output/train_llio128/checkpoints/checkpoint_72.pt
-------------------------
Epoch 73, time usage: 243.969s, average loss: [0.042573 0.042549]/0.042561
Validation loss: [0.050793 0.047634]/0.049214
  LR: 1.00e-04
Model saved to  output/train_llio128/checkpoints/checkpoint_73.pt
-------------------------
Epoch 74, time usage: 243.213s, average loss: [0.042278 0.042723]/0.042500
Validation loss: [0.051146 0.047238]/0.049192
  LR: 1.00e-04
Model saved to  output/train_llio128/checkpoints/checkpoint_74.pt
-------------------------
Epoch 75, time usage: 242.446s, average loss: [0.042394 0.042449]/0.042421
Validation loss: [0.051093 0.047744]/0.049418
  LR: 1.00e-04
-------------------------
Epoch 76, time usage: 242.936s, average loss: [0.042428 0.042282]/0.042355
Validation loss: [0.051017 0.047064]/0.049041
  LR: 1.00e-04
Model saved to  output/train_llio128/checkpoints/checkpoint_76.pt
-------------------------
Epoch 77, time usage: 244.147s, average loss: [0.042104 0.042438]/0.042271
Validation loss: [0.051584 0.048435]/0.050010
  LR: 1.00e-04
-------------------------
Epoch 78, time usage: 245.718s, average loss: [0.042145 0.042236]/0.042190
Validation loss: [0.051128 0.047494]/0.049311
  LR: 1.00e-04
-------------------------
Epoch 79, time usage: 244.446s, average loss: [0.042136 0.042289]/0.042212
Validation loss: [0.050842 0.047333]/0.049087
  LR: 1.00e-04
-------------------------
Epoch 80, time usage: 245.307s, average loss: [0.042268 0.041903]/0.042085
Validation loss: [0.050566 0.046664]/0.048615
  LR: 1.00e-04
Model saved to  output/train_llio128/checkpoints/checkpoint_80.pt
-------------------------
Epoch 81, time usage: 245.419s, average loss: [0.041979 0.042095]/0.042037
Validation loss: [0.050803 0.046633]/0.048718
  LR: 1.00e-04
-------------------------
Epoch 82, time usage: 243.872s, average loss: [0.042065 0.041985]/0.042025
Validation loss: [0.050977 0.047296]/0.049136
  LR: 1.00e-04
-------------------------
Epoch 83, time usage: 244.851s, average loss: [0.041941 0.041793]/0.041867
Validation loss: [0.050721 0.047631]/0.049176
  LR: 1.00e-04
-------------------------
Epoch 84, time usage: 242.273s, average loss: [0.041949 0.041725]/0.041837
Validation loss: [0.050659 0.047874]/0.049267
  LR: 1.00e-04
-------------------------
Epoch 85, time usage: 243.636s, average loss: [0.041731 0.041776]/0.041754
Validation loss: [0.050962 0.046744]/0.048853
  LR: 1.00e-04
-------------------------
Epoch 86, time usage: 241.489s, average loss: [0.041672 0.041704]/0.041688
Validation loss: [0.050980 0.047360]/0.049170
  LR: 1.00e-04
-------------------------
Epoch 87, time usage: 241.136s, average loss: [0.041652 0.041683]/0.041667
Validation loss: [0.050439 0.046405]/0.048422
  LR: 1.00e-04
Model saved to  output/train_llio128/checkpoints/checkpoint_87.pt
-------------------------
Epoch 88, time usage: 244.230s, average loss: [0.041668 0.041532]/0.041600
Validation loss: [0.050151 0.046631]/0.048391
  LR: 1.00e-04
Model saved to  output/train_llio128/checkpoints/checkpoint_88.pt
-------------------------
Epoch 89, time usage: 244.597s, average loss: [0.041533 0.041442]/0.041487
Validation loss: [0.050460 0.046854]/0.048657
  LR: 1.00e-04
-------------------------
Epoch 90, time usage: 243.546s, average loss: [0.041465 0.041386]/0.041426
Validation loss: [0.050245 0.046134]/0.048190
  LR: 1.00e-04
Model saved to  output/train_llio128/checkpoints/checkpoint_90.pt
-------------------------
Epoch 91, time usage: 242.656s, average loss: [0.041260 0.041579]/0.041419
Validation loss: [0.050665 0.046406]/0.048536
  LR: 1.00e-04
-------------------------
Epoch 92, time usage: 244.483s, average loss: [0.041409 0.041320]/0.041364
Validation loss: [0.050124 0.046602]/0.048363
  LR: 1.00e-04
-------------------------
Epoch 93, time usage: 247.212s, average loss: [0.041366 0.041117]/0.041241
Validation loss: [0.049766 0.046103]/0.047934
  LR: 1.00e-04
Model saved to  output/train_llio128/checkpoints/checkpoint_93.pt
-------------------------
Epoch 94, time usage: 241.259s, average loss: [0.041166 0.041325]/0.041246
Validation loss: [0.049813 0.045896]/0.047854
  LR: 1.00e-04
Model saved to  output/train_llio128/checkpoints/checkpoint_94.pt
-------------------------
Epoch 95, time usage: 239.717s, average loss: [0.041107 0.041135]/0.041121
Validation loss: [0.049820 0.046130]/0.047975
  LR: 1.00e-04
-------------------------
Epoch 96, time usage: 235.795s, average loss: [0.041169 0.041124]/0.041147
Validation loss: [0.049786 0.046033]/0.047909
  LR: 1.00e-04
-------------------------
Epoch 97, time usage: 242.597s, average loss: [0.041089 0.041054]/0.041071
Validation loss: [0.050187 0.046019]/0.048103
  LR: 1.00e-04
-------------------------
Epoch 98, time usage: 241.877s, average loss: [0.041093 0.040891]/0.040992
Validation loss: [0.050424 0.046418]/0.048421
  LR: 1.00e-04
-------------------------
Epoch 99, time usage: 241.228s, average loss: [0.040910 0.040905]/0.040908
Validation loss: [0.049740 0.045643]/0.047691
  LR: 1.00e-04
Model saved to  output/train_llio128/checkpoints/checkpoint_99.pt
Training complete
Checkpoint saved to  output/train_llio128/checkpoints/checkpoint_latest.pt

=== [2/3] selecting the best-validation checkpoint
best checkpoint: output/train_llio128/checkpoints/checkpoint_99.pt (epoch 99 of 100)
WARNING: best epoch is within 10 epochs of the cap -- the model may STILL be improving.
         Check output/train_llio128/epoch_metrics.csv before using these results.
best val MSE: 0.04769 at epoch 99

=== [3/3] evaluating the backbone (no RF) on seen and unseen subjects
a001_2: device: asus7, ori_error (game_rv): 8.617
[LLIO-1D] Plain baseline mode: training from scratch.
[LLIO-1D] ResMLP128 config: patch_num=4, patch_len=50, feature_dim=128, blocks=6, expansion=2
[llio] Parameters: 489,570
Model output/train_llio128/checkpoints/checkpoint_99.pt loaded to device cuda:0.
a001_2: device: asus7, ori_error (game_rv): 8.617
Sequence a001_2, loss [0.030699 0.056551] / 0.04362526908516884, ate 4.220030, rte 5.114790, seq_time=364.48ms, time_per_sample=0.0290ms
a003_3: device: samsung1, ori_error (game_rv): 1.669
Sequence a003_3, loss [0.031993 0.040243] / 0.03611829876899719, ate 5.229872, rte 3.339753, seq_time=114.28ms, time_per_sample=0.0117ms
a004_3: device: asus3, ori_error (game_rv): 14.735
Sequence a004_3, loss [0.013747 0.022352] / 0.01804916374385357, ate 3.532326, rte 2.366879, seq_time=60.69ms, time_per_sample=0.0119ms
a005_3: device: samsung1, ori_error (game_rv): 1.271
Sequence a005_3, loss [0.055210 0.067154] / 0.06118220090866089, ate 11.476158, rte 5.770082, seq_time=139.47ms, time_per_sample=0.0118ms
a009_1: device: asus4, ori_error (game_rv): 2.222
Sequence a009_1, loss [0.051899 0.084808] / 0.06835353374481201, ate 6.635999, rte 5.388587, seq_time=104.54ms, time_per_sample=0.0127ms
a010_2: device: samsung1, ori_error (game_rv): 17.991
Sequence a010_2, loss [0.022156 0.023887] / 0.02302132360637188, ate 7.175829, rte 3.755087, seq_time=148.86ms, time_per_sample=0.0114ms
a011_2: device: samsung1, ori_error (game_rv): 30.493
Sequence a011_2, loss [0.026111 0.027209] / 0.026660073548555374, ate 5.748146, rte 6.011093, seq_time=276.16ms, time_per_sample=0.0202ms
a012_2: device: samsung1, ori_error (game_rv): 4.979
Sequence a012_2, loss [0.038075 0.050022] / 0.04404871165752411, ate 5.215992, rte 3.705578, seq_time=137.17ms, time_per_sample=0.0116ms
a013_2: device: asus4, ori_error (game_rv): 5.244
Sequence a013_2, loss [0.037347 0.042470] / 0.03990872949361801, ate 6.745771, rte 5.091008, seq_time=145.50ms, time_per_sample=0.0115ms
a014_2: device: asus4, ori_error (game_rv): 7.929
Sequence a014_2, loss [0.023711 0.023476] / 0.02359338104724884, ate 2.486051, rte 3.084034, seq_time=248.27ms, time_per_sample=0.0216ms
a016_1: device: asus4, ori_error (game_rv): 5.513
Sequence a016_1, loss [0.028087 0.026281] / 0.027183908969163895, ate 5.873214, rte 3.414214, seq_time=104.67ms, time_per_sample=0.0118ms
a017_2: device: samsung1, ori_error (game_rv): 4.091
Sequence a017_2, loss [0.041530 0.039156] / 0.040342941880226135, ate 5.000878, rte 3.647411, seq_time=145.28ms, time_per_sample=0.0116ms
a020_2: device: asus3, ori_error (game_rv): 3.441
Sequence a020_2, loss [0.049432 0.058450] / 0.053940966725349426, ate 5.145222, rte 4.322008, seq_time=89.93ms, time_per_sample=0.0119ms
a021_2: device: samsung1, ori_error (game_rv): 6.462
Sequence a021_2, loss [0.040989 0.036108] / 0.03854814171791077, ate 4.973718, rte 3.629173, seq_time=138.31ms, time_per_sample=0.0121ms
a022_2: device: asus5, ori_error (game_rv): 3.583
Sequence a022_2, loss [0.106933 0.122965] / 0.11494909226894379, ate 10.646138, rte 8.994831, seq_time=128.11ms, time_per_sample=0.0116ms
a023_1: device: asus5, ori_error (game_rv): 7.791
Sequence a023_1, loss [0.015328 0.022899] / 0.019113607704639435, ate 4.560617, rte 2.543086, seq_time=92.54ms, time_per_sample=0.0118ms
a025_2: device: samsung1, ori_error (game_rv): 2.222
Sequence a025_2, loss [0.100802 0.091654] / 0.09622804820537567, ate 8.486364, rte 7.008711, seq_time=147.91ms, time_per_sample=0.0119ms
a026_2: device: asus4, ori_error (game_rv): 8.912
Sequence a026_2, loss [0.023771 0.022410] / 0.023090345785021782, ate 5.992492, rte 3.260120, seq_time=140.66ms, time_per_sample=0.0118ms
a027_2: device: samsung1, ori_error (game_rv): 11.382
Sequence a027_2, loss [0.021424 0.023540] / 0.022482281550765038, ate 4.796541, rte 2.147514, seq_time=154.12ms, time_per_sample=0.0116ms
a030_3: device: samsung1, ori_error (game_rv): 5.627
Sequence a030_3, loss [0.017266 0.026458] / 0.021862037479877472, ate 6.048931, rte 3.134676, seq_time=293.19ms, time_per_sample=0.0197ms
a031_2: device: samsung1, ori_error (game_rv): 4.495
Sequence a031_2, loss [0.017124 0.037660] / 0.027392035350203514, ate 6.029548, rte 2.721134, seq_time=146.53ms, time_per_sample=0.0119ms
a033_2: device: samsung1, ori_error (game_rv): 1.657
Sequence a033_2, loss [0.020905 0.016163] / 0.01853407546877861, ate 3.242760, rte 2.102937, seq_time=162.67ms, time_per_sample=0.0114ms
a035_3: device: samsung1, ori_error (game_rv): 8.565
Sequence a035_3, loss [0.017255 0.017894] / 0.017574571073055267, ate 5.142459, rte 2.516046, seq_time=259.03ms, time_per_sample=0.0222ms
a036_2: device: asus4, ori_error (game_rv): 16.805
Sequence a036_2, loss [0.021556 0.015933] / 0.01874474808573723, ate 4.388453, rte 3.584146, seq_time=168.92ms, time_per_sample=0.0117ms
a037_1: device: asus4, ori_error (game_rv): 4.859
Sequence a037_1, loss [0.006967 0.008144] / 0.007555441930890083, ate 2.005840, rte 0.943178, seq_time=122.23ms, time_per_sample=0.0124ms
a038_2: device: samsung1, ori_error (game_rv): 5.030
Sequence a038_2, loss [0.007320 0.007003] / 0.007161320652812719, ate 1.379147, rte 1.203536, seq_time=103.94ms, time_per_sample=0.0116ms
a044_2: device: samsung1, ori_error (game_rv): 2.577
Sequence a044_2, loss [0.045109 0.038537] / 0.04182344675064087, ate 9.195453, rte 3.932567, seq_time=150.87ms, time_per_sample=0.0120ms
a046_2: device: samsung1, ori_error (game_rv): 12.161
Sequence a046_2, loss [0.043278 0.120535] / 0.0819065198302269, ate 6.835884, rte 9.267815, seq_time=172.78ms, time_per_sample=0.0115ms
a047_2: device: asus4, ori_error (game_rv): 16.972
Sequence a047_2, loss [0.016911 0.024283] / 0.020597102120518684, ate 2.104704, rte 2.978709, seq_time=155.41ms, time_per_sample=0.0116ms
a000_7: device: asus4, ori_error (game_rv): 8.354
Sequence a000_7, loss [0.022486 0.021328] / 0.021907150745391846, ate 2.888403, rte 4.078606, seq_time=74.49ms, time_per_sample=0.0127ms
a000_11: device: asus6, ori_error (game_rv): 16.363
Sequence a000_11, loss [0.018799 0.017480] / 0.018139593303203583, ate 3.700134, rte 4.657058, seq_time=69.75ms, time_per_sample=0.0125ms
a059_2: device: asus4, ori_error (game_rv): 7.410
Sequence a059_2, loss [0.036901 0.052506] / 0.04470355063676834, ate 4.241119, rte 3.895160, seq_time=101.30ms, time_per_sample=0.0118ms

================================================================================
[TIMING SUMMARY] YOLO26 Baseline Plain
Mean time per sample: 0.0137 ms
================================================================================

----------
Overall loss: [0.032848 0.040174]/0.03651067614555359, avg ATE:5.348255933892724, avg RTE:3.98779769912427
a006_2: device: samsung1, ori_error (game_rv): 3.978
[LLIO-1D] Plain baseline mode: training from scratch.
[LLIO-1D] ResMLP128 config: patch_num=4, patch_len=50, feature_dim=128, blocks=6, expansion=2
[llio] Parameters: 489,570
Model output/train_llio128/checkpoints/checkpoint_99.pt loaded to device cuda:0.
a006_2: device: samsung1, ori_error (game_rv): 3.978
Sequence a006_2, loss [0.030494 0.042856] / 0.036675047129392624, ate 8.633447, rte 4.602608, seq_time=395.19ms, time_per_sample=0.0236ms
a019_3: device: samsung1, ori_error (game_rv): 1.323
Sequence a019_3, loss [0.106312 0.051038] / 0.07867518812417984, ate 5.941916, rte 5.931920, seq_time=103.36ms, time_per_sample=0.0117ms
a024_1: device: samsung1, ori_error (game_rv): 10.395
Sequence a024_1, loss [0.077797 0.074344] / 0.07607072591781616, ate 4.867756, rte 3.300200, seq_time=217.83ms, time_per_sample=0.0238ms
a024_3: device: samsung1, ori_error (game_rv): 3.795
Sequence a024_3, loss [0.049596 0.034658] / 0.04212687909603119, ate 5.062014, rte 3.286592, seq_time=127.44ms, time_per_sample=0.0123ms
a029_1: device: samsung1, ori_error (game_rv): 18.731
Sequence a029_1, loss [0.104118 0.039959] / 0.07203832268714905, ate 4.944798, rte 6.431460, seq_time=101.33ms, time_per_sample=0.0121ms
a029_2: device: samsung1, ori_error (game_rv): 10.180
Sequence a029_2, loss [0.026335 0.019520] / 0.02292710728943348, ate 2.627091, rte 2.979853, seq_time=123.71ms, time_per_sample=0.0119ms
a032_1: device: asus4, ori_error (game_rv): 1.794
Sequence a032_1, loss [0.038689 0.045059] / 0.04187396541237831, ate 4.909809, rte 5.515721, seq_time=103.79ms, time_per_sample=0.0122ms
a032_3: device: asus4, ori_error (game_rv): 3.553
Sequence a032_3, loss [0.135836 0.190675] / 0.1632552444934845, ate 10.232269, rte 12.007681, seq_time=160.67ms, time_per_sample=0.0116ms
a042_2: device: asus4, ori_error (game_rv): 12.481
Sequence a042_2, loss [0.031835 0.031884] / 0.031859662383794785, ate 5.542381, rte 4.184429, seq_time=167.30ms, time_per_sample=0.0117ms
a049_1: device: asus7, ori_error (game_rv): 34.273
Sequence a049_1, loss [0.043358 0.055757] / 0.049557559192180634, ate 3.610214, rte 5.486374, seq_time=198.81ms, time_per_sample=0.0287ms
a049_2: device: asus7, ori_error (game_rv): 5.120
Sequence a049_2, loss [0.028538 0.022320] / 0.025428984314203262, ate 3.490456, rte 2.501235, seq_time=154.28ms, time_per_sample=0.0117ms
a049_3: device: asus7, ori_error (game_rv): 6.177
Sequence a049_3, loss [0.027387 0.025088] / 0.026237323880195618, ate 3.573332, rte 3.188656, seq_time=148.87ms, time_per_sample=0.0115ms
a050_1: device: samsung1, ori_error (game_rv): 7.429
Sequence a050_1, loss [0.090709 0.131217] / 0.11096304655075073, ate 18.636506, rte 10.259801, seq_time=83.97ms, time_per_sample=0.0118ms
a050_3: device: samsung1, ori_error (game_rv): 11.619
Sequence a050_3, loss [0.079107 0.106428] / 0.0927673727273941, ate 10.421515, rte 8.148203, seq_time=156.18ms, time_per_sample=0.0118ms
a051_1: device: asus4, ori_error (game_rv): 35.594
Sequence a051_1, loss [0.043698 0.051470] / 0.047583989799022675, ate 6.270975, rte 4.942205, seq_time=206.72ms, time_per_sample=0.0114ms
a051_2: device: asus4, ori_error (game_rv): 13.092
Sequence a051_2, loss [0.016409 0.012002] / 0.014205368235707283, ate 3.085196, rte 1.610987, seq_time=285.58ms, time_per_sample=0.0198ms
a051_3: device: asus4, ori_error (game_rv): 0.750
Sequence a051_3, loss [0.027399 0.018126] / 0.022762775421142578, ate 2.726175, rte 2.305292, seq_time=89.61ms, time_per_sample=0.0119ms
a052_2: device: samsung1, ori_error (game_rv): 8.257
Sequence a052_2, loss [0.102398 0.152852] / 0.1276250034570694, ate 8.428050, rte 9.986146, seq_time=88.08ms, time_per_sample=0.0121ms
a053_1: device: asus4, ori_error (game_rv): 20.488
Sequence a053_1, loss [0.026392 0.020496] / 0.023444432765245438, ate 2.502450, rte 2.812119, seq_time=107.84ms, time_per_sample=0.0118ms
a053_2: device: asus4, ori_error (game_rv): 2.682
Sequence a053_2, loss [0.022772 0.027787] / 0.025279542431235313, ate 4.355744, rte 3.597080, seq_time=152.39ms, time_per_sample=0.0120ms
a053_3: device: asus4, ori_error (game_rv): 4.051
Sequence a053_3, loss [0.022571 0.028157] / 0.02536420151591301, ate 3.955926, rte 3.797524, seq_time=138.63ms, time_per_sample=0.0118ms
a054_1: device: asus4, ori_error (game_rv): 12.810
Sequence a054_1, loss [0.093135 0.051074] / 0.07210445404052734, ate 8.510017, rte 7.369152, seq_time=82.23ms, time_per_sample=0.0121ms
a054_2: device: asus4, ori_error (game_rv): 2.087
Sequence a054_2, loss [0.027492 0.043114] / 0.035303372889757156, ate 7.076276, rte 3.890139, seq_time=260.70ms, time_per_sample=0.0215ms
a054_3: device: asus4, ori_error (game_rv): 5.550
Sequence a054_3, loss [0.084936 0.063405] / 0.07417038083076477, ate 9.723170, rte 6.194443, seq_time=157.35ms, time_per_sample=0.0118ms
a055_2: device: asus3, ori_error (game_rv): 0.887
Sequence a055_2, loss [0.149336 0.194744] / 0.17203958332538605, ate 13.616179, rte 8.426272, seq_time=156.72ms, time_per_sample=0.0117ms
a055_3: device: asus3, ori_error (game_rv): 4.760
Sequence a055_3, loss [0.245890 0.199533] / 0.22271187603473663, ate 16.701856, rte 9.027546, seq_time=163.79ms, time_per_sample=0.0119ms
a057_1: device: samsung1, ori_error (game_rv): 24.549
Sequence a057_1, loss [0.155989 0.170217] / 0.16310304403305054, ate 10.053988, rte 11.876528, seq_time=126.13ms, time_per_sample=0.0119ms
a057_2: device: samsung1, ori_error (game_rv): 1.853
Sequence a057_2, loss [0.059351 0.050753] / 0.055052295327186584, ate 6.181784, rte 3.801489, seq_time=158.11ms, time_per_sample=0.0117ms
a057_3: device: samsung1, ori_error (game_rv): 6.956
Sequence a057_3, loss [0.069271 0.067815] / 0.0685429722070694, ate 15.352185, rte 6.040998, seq_time=245.23ms, time_per_sample=0.0204ms
a058_1: device: asus4, ori_error (game_rv): 31.679
Sequence a058_1, loss [0.141440 0.045857] / 0.09364856034517288, ate 5.606840, rte 9.838918, seq_time=95.69ms, time_per_sample=0.0121ms
a058_2: device: asus4, ori_error (game_rv): 9.231
Sequence a058_2, loss [0.013730 0.015376] / 0.01455332338809967, ate 3.673710, rte 3.200921, seq_time=153.46ms, time_per_sample=0.0116ms
a058_3: device: asus4, ori_error (game_rv): 9.122
Sequence a058_3, loss [0.058011 0.062102] / 0.06005651503801346, ate 4.599407, rte 5.143106, seq_time=149.54ms, time_per_sample=0.0115ms

================================================================================
[TIMING SUMMARY] YOLO26 Baseline Plain
Mean time per sample: 0.0139 ms
================================================================================

----------
Overall loss: [0.069698 0.067053]/0.06837525218725204, avg ATE:7.02854478241278, avg RTE:5.67767489524795

=== RESULTS: LLIO-Net ResMLP128, 100-epoch MuSGD run (best epoch 99)
  seen    avg ATE:5.348255933892724, avg RTE:3.98779769912427
  unseen  avg ATE:7.02854478241278, avg RTE:5.67767489524795

  for context, the paper's current backbone-only numbers (ATE / RTE):
    YOLOv26-1D-Eff (ours)    seen 4.1649 / 3.1488   unseen 5.8977 / 4.9368   0.60M params
    RoNIN ResNet (baseline)  seen 3.7114 / 2.7614   unseen 5.1400 / 4.3770   4.63M params
    MobileNetV2-1D           seen 3.9705 / 2.7708   unseen 5.5274 / 4.5530   2.64M params
    ShuffleNetV2-1D          seen 3.9425 / 2.8061   unseen 5.7805 / 4.6046   0.85M params
    TinyCNN-1D               seen 4.7783 / 3.1978   unseen 6.5321 / 5.0162   0.12M params
    LightTCN-1D              seen 5.6082 / 3.3909   unseen 8.6503 / 4.9925   0.08M params
    LLIO-Net ResMLP128 (this run)                                  489,570 params
