checkpoint : output/train_yolo26_eff_musgd/checkpoints/checkpoint_37.pt (epoch 37)
val list   : lists/list_val.txt   root: data/train_dataset   GPU 3

=== uncorrected baseline on the validation split
  base   ATE 4.6261228283917255   RTE 3.5459353851373243

=== A_rf: sweeping alpha x clip on validation -> output/tune_alpha_clip_yolo26_eff_musgd/A_rf.csv
  a=0.25  clip=0     ATE 4.647145297147229 RTE 3.525955054409188
  a=0.25  clip=0.25  ATE 4.647145297147229 RTE 3.525955054409188
  a=0.25  clip=0.5   ATE 4.647145297147229 RTE 3.525955054409188
  a=0.25  clip=0.75  ATE 4.647145297147229 RTE 3.525955054409188
  a=0.25  clip=1.0   ATE 4.647145297147229 RTE 3.525955054409188
  a=0.5   clip=0     ATE 4.681633306190178 RTE 3.5137446957275444
  a=0.5   clip=0.25  ATE 4.681633306190178 RTE 3.5137446957275444
  a=0.5   clip=0.5   ATE 4.681633306190178 RTE 3.5137446957275444
  a=0.5   clip=0.75  ATE 4.681633306190178 RTE 3.5137446957275444
  a=0.5   clip=1.0   ATE 4.681633306190178 RTE 3.5137446957275444
  a=0.75  clip=0     ATE 4.728981190658276 RTE 3.5092913264910353
  a=0.75  clip=0.25  ATE 4.728684555138233 RTE 3.509168689039246
  a=0.75  clip=0.5   ATE 4.728981190658276 RTE 3.5092913264910353
  a=0.75  clip=0.75  ATE 4.728981190658276 RTE 3.5092913264910353
  a=0.75  clip=1.0   ATE 4.728981190658276 RTE 3.5092913264910353
  a=1.0   clip=0     ATE 4.7887118207193184 RTE 3.5125380013902427
  a=1.0   clip=0.25  ATE 4.786718409491569 RTE 3.5117464532340317
  a=1.0   clip=0.5   ATE 4.7887118207193184 RTE 3.5125380013902427
  a=1.0   clip=0.75  ATE 4.7887118207193184 RTE 3.5125380013902427
  a=1.0   clip=1.0   ATE 4.7887118207193184 RTE 3.5125380013902427
  a=1.25  clip=0     ATE 4.860525191675203 RTE 3.52338179153654
  a=1.25  clip=0.25  ATE 4.855541816094165 RTE 3.5211879511595185
  a=1.25  clip=0.5   ATE 4.860469494399745 RTE 3.5233435448089763
  a=1.25  clip=0.75  ATE 4.860525191675203 RTE 3.52338179153654
  a=1.25  clip=1.0   ATE 4.860525191675203 RTE 3.52338179153654
  a=1.5   clip=0     ATE 4.944224887906046 RTE 3.5416849017071215
  a=1.5   clip=0.25  ATE 4.9350679929247345 RTE 3.5369529563285185
  a=1.5   clip=0.5   ATE 4.943586437839864 RTE 3.5413946832511423
  a=1.5   clip=0.75  ATE 4.944224887906046 RTE 3.5416849017071215
  a=1.5   clip=1.0   ATE 4.944224887906046 RTE 3.5416849017071215
  a=2.0   clip=0     ATE 5.146745395137974 RTE 3.5999435889296274
  a=2.0   clip=0.25  ATE 5.120333696702128 RTE 3.5835813991279624
  a=2.0   clip=0.5   ATE 5.142474057474451 RTE 3.597924346109834
  a=2.0   clip=0.75  ATE 5.1465576090616025 RTE 3.599818802120521
  a=2.0   clip=1.0   ATE 5.146745395137974 RTE 3.5999435889296274

  validation base: ATE 4.6261  RTE 3.5459
  best RTE               alpha=0.75  clip=0.25   ATE 4.7287 (+2.2%)  RTE 3.5092 (-1.0%)
  best ATE               alpha=0.25  clip=0      ATE 4.6471 (+0.5%)  RTE 3.5260 (-0.6%)
  best balanced          alpha=0.25  clip=0      ATE 4.6471 (+0.5%)  RTE 3.5260 (-0.6%)
  current (residual-MSE) alpha=1     clip=0.25   ATE 4.7867 (+3.5%)  RTE 3.5117 (-1.0%)

Pick ONE criterion before looking at any test numbers, then re-run the test
with --stage2_alpha/--stage2_clip set to the winner.
