Training set loaded. Feature size: 6, target size: 2. Time usage: 2.307s
[LLIO-1D] Plain baseline mode: training from scratch.
[LLIO-1D] ResMLP128 config: patch_num=4, patch_len=50, feature_dim=128, blocks=6, expansion=2
[llio] Parameters: 489,570
Number of train samples: 795215
Number of val samples: 162955
Total number of parameters:  489570
[Optimizer] MuSGD lr=1.00e-04, momentum=0.9, weight_decay=1.00e-04, ns_steps=5
Start from epoch 0
-------------------------
Init: average loss: [0.348884 0.352374]/0.350629
Validation loss: [0.353822 0.412492]/0.383157
-------------------------
Epoch 0, time usage: 237.644s, average loss: [0.303207 0.302643]/0.302925
Validation loss: [0.200535 0.210569]/0.205552
  LR: 1.00e-04
Model saved to  output/train_llio128/checkpoints/checkpoint_0.pt
-------------------------
Epoch 1, time usage: 221.507s, average loss: [0.148926 0.150011]/0.149468
Validation loss: [0.110298 0.116495]/0.113396
  LR: 1.00e-04
Model saved to  output/train_llio128/checkpoints/checkpoint_1.pt
-------------------------
Epoch 2, time usage: 224.010s, average loss: [0.104372 0.104747]/0.104559
Validation loss: [0.093353 0.096041]/0.094697
  LR: 1.00e-04
Model saved to  output/train_llio128/checkpoints/checkpoint_2.pt
-------------------------
Epoch 3, time usage: 241.123s, average loss: [0.089974 0.089953]/0.089963
Validation loss: [0.083436 0.082595]/0.083016
  LR: 1.00e-04
Model saved to  output/train_llio128/checkpoints/checkpoint_3.pt
-------------------------
Epoch 4, time usage: 241.026s, average loss: [0.081281 0.081444]/0.081363
Validation loss: [0.077653 0.075407]/0.076530
  LR: 1.00e-04
Model saved to  output/train_llio128/checkpoints/checkpoint_4.pt
-------------------------
Epoch 5, time usage: 248.920s, average loss: [0.075888 0.076282]/0.076085
Validation loss: [0.074880 0.071272]/0.073076
  LR: 1.00e-04
Model saved to  output/train_llio128/checkpoints/checkpoint_5.pt
-------------------------
Epoch 6, time usage: 246.363s, average loss: [0.072304 0.072487]/0.072396
Validation loss: [0.072866 0.068820]/0.070843
  LR: 1.00e-04
Model saved to  output/train_llio128/checkpoints/checkpoint_6.pt
-------------------------
Epoch 7, time usage: 245.038s, average loss: [0.069428 0.069709]/0.069568
Validation loss: [0.070835 0.066587]/0.068711
  LR: 1.00e-04
Model saved to  output/train_llio128/checkpoints/checkpoint_7.pt
-------------------------
Epoch 8, time usage: 242.462s, average loss: [0.067371 0.067337]/0.067354
Validation loss: [0.069372 0.064893]/0.067133
  LR: 1.00e-04
Model saved to  output/train_llio128/checkpoints/checkpoint_8.pt
-------------------------
Epoch 9, time usage: 237.604s, average loss: [0.065310 0.065523]/0.065417
Validation loss: [0.068384 0.063890]/0.066137
  LR: 1.00e-04
Model saved to  output/train_llio128/checkpoints/checkpoint_9.pt
-------------------------
Epoch 10, time usage: 242.550s, average loss: [0.063485 0.063690]/0.063587
Validation loss: [0.067325 0.062713]/0.065019
  LR: 1.00e-04
Model saved to  output/train_llio128/checkpoints/checkpoint_10.pt
-------------------------
Epoch 11, time usage: 241.903s, average loss: [0.061944 0.062210]/0.062077
Validation loss: [0.066550 0.061542]/0.064046
  LR: 1.00e-04
Model saved to  output/train_llio128/checkpoints/checkpoint_11.pt
-------------------------
Epoch 12, time usage: 241.625s, average loss: [0.060265 0.060894]/0.060580
Validation loss: [0.065456 0.060355]/0.062906
  LR: 1.00e-04
Model saved to  output/train_llio128/checkpoints/checkpoint_12.pt
-------------------------
Epoch 13, time usage: 240.933s, average loss: [0.059276 0.059351]/0.059314
Validation loss: [0.064010 0.059144]/0.061577
  LR: 1.00e-04
Model saved to  output/train_llio128/checkpoints/checkpoint_13.pt
-------------------------
Epoch 14, time usage: 242.803s, average loss: [0.058072 0.058054]/0.058063
Validation loss: [0.063533 0.058677]/0.061105
  LR: 1.00e-04
Model saved to  output/train_llio128/checkpoints/checkpoint_14.pt
-------------------------
Epoch 15, time usage: 241.324s, average loss: [0.056879 0.057190]/0.057034
Validation loss: [0.062720 0.057422]/0.060071
  LR: 1.00e-04
Model saved to  output/train_llio128/checkpoints/checkpoint_15.pt
-------------------------
Epoch 16, time usage: 243.803s, average loss: [0.056093 0.056383]/0.056238
Validation loss: [0.062183 0.056816]/0.059499
  LR: 1.00e-04
Model saved to  output/train_llio128/checkpoints/checkpoint_16.pt
-------------------------
Epoch 17, time usage: 245.789s, average loss: [0.055568 0.055387]/0.055478
Validation loss: [0.060486 0.056696]/0.058591
  LR: 1.00e-04
Model saved to  output/train_llio128/checkpoints/checkpoint_17.pt
-------------------------
Epoch 18, time usage: 245.069s, average loss: [0.054644 0.054838]/0.054741
Validation loss: [0.060317 0.055746]/0.058032
  LR: 1.00e-04
Model saved to  output/train_llio128/checkpoints/checkpoint_18.pt
-------------------------
Epoch 19, time usage: 245.401s, average loss: [0.054103 0.054175]/0.054139
Validation loss: [0.060368 0.055668]/0.058018
  LR: 1.00e-04
Model saved to  output/train_llio128/checkpoints/checkpoint_19.pt
-------------------------
Epoch 20, time usage: 244.291s, average loss: [0.053675 0.053563]/0.053619
Validation loss: [0.059787 0.054826]/0.057306
  LR: 1.00e-04
Model saved to  output/train_llio128/checkpoints/checkpoint_20.pt
-------------------------
Epoch 21, time usage: 246.141s, average loss: [0.052974 0.053033]/0.053004
Validation loss: [0.059272 0.055117]/0.057194
  LR: 1.00e-04
Model saved to  output/train_llio128/checkpoints/checkpoint_21.pt
-------------------------
Epoch 22, time usage: 244.495s, average loss: [0.052202 0.052671]/0.052437
Validation loss: [0.058904 0.054173]/0.056538
  LR: 1.00e-04
Model saved to  output/train_llio128/checkpoints/checkpoint_22.pt
-------------------------
Epoch 23, time usage: 242.801s, average loss: [0.052038 0.052079]/0.052058
Validation loss: [0.057829 0.053782]/0.055806
  LR: 1.00e-04
Model saved to  output/train_llio128/checkpoints/checkpoint_23.pt
-------------------------
Epoch 24, time usage: 242.167s, average loss: [0.051546 0.051410]/0.051478
Validation loss: [0.057704 0.053121]/0.055412
  LR: 1.00e-04
Model saved to  output/train_llio128/checkpoints/checkpoint_24.pt
-------------------------
Epoch 25, time usage: 241.492s, average loss: [0.051173 0.051196]/0.051185
Validation loss: [0.057254 0.053157]/0.055205
  LR: 1.00e-04
Model saved to  output/train_llio128/checkpoints/checkpoint_25.pt
-------------------------
Epoch 26, time usage: 244.679s, average loss: [0.050469 0.050848]/0.050659
Validation loss: [0.057194 0.052533]/0.054864
  LR: 1.00e-04
Model saved to  output/train_llio128/checkpoints/checkpoint_26.pt
-------------------------
Epoch 27, time usage: 240.022s, average loss: [0.050214 0.050327]/0.050271
Validation loss: [0.056707 0.052440]/0.054573
  LR: 1.00e-04
Model saved to  output/train_llio128/checkpoints/checkpoint_27.pt
-------------------------
Epoch 28, time usage: 243.034s, average loss: [0.049717 0.050226]/0.049971
Validation loss: [0.057003 0.052633]/0.054818
  LR: 1.00e-04
-------------------------
Epoch 29, time usage: 245.562s, average loss: [0.049730 0.049607]/0.049669
Validation loss: [0.056886 0.052754]/0.054820
  LR: 1.00e-04
-------------------------
Epoch 30, time usage: 245.623s, average loss: [0.049560 0.049190]/0.049375
Validation loss: [0.056534 0.052082]/0.054308
  LR: 1.00e-04
Model saved to  output/train_llio128/checkpoints/checkpoint_30.pt
-------------------------
Epoch 31, time usage: 245.727s, average loss: [0.048992 0.048970]/0.048981
Validation loss: [0.055405 0.051955]/0.053680
  LR: 1.00e-04
Model saved to  output/train_llio128/checkpoints/checkpoint_31.pt
-------------------------
Epoch 32, time usage: 242.884s, average loss: [0.048616 0.048756]/0.048686
Validation loss: [0.055462 0.051488]/0.053475
  LR: 1.00e-04
Model saved to  output/train_llio128/checkpoints/checkpoint_32.pt
-------------------------
Epoch 33, time usage: 242.452s, average loss: [0.048597 0.048358]/0.048477
Validation loss: [0.055679 0.051456]/0.053568
  LR: 1.00e-04
-------------------------
Epoch 34, time usage: 243.362s, average loss: [0.048460 0.048123]/0.048291
Validation loss: [0.055090 0.051882]/0.053486
  LR: 1.00e-04
-------------------------
Epoch 35, time usage: 241.893s, average loss: [0.048172 0.047794]/0.047983
Validation loss: [0.054992 0.051436]/0.053214
  LR: 1.00e-04
Model saved to  output/train_llio128/checkpoints/checkpoint_35.pt
-------------------------
Epoch 36, time usage: 242.064s, average loss: [0.047774 0.047694]/0.047734
Validation loss: [0.054452 0.050914]/0.052683
  LR: 1.00e-04
Model saved to  output/train_llio128/checkpoints/checkpoint_36.pt
-------------------------
Epoch 37, time usage: 242.432s, average loss: [0.047491 0.047463]/0.047477
Validation loss: [0.054288 0.050665]/0.052477
  LR: 1.00e-04
Model saved to  output/train_llio128/checkpoints/checkpoint_37.pt
-------------------------
Epoch 38, time usage: 241.616s, average loss: [0.047119 0.047420]/0.047269
Validation loss: [0.054130 0.050801]/0.052465
  LR: 1.00e-04
Model saved to  output/train_llio128/checkpoints/checkpoint_38.pt
-------------------------
Epoch 39, time usage: 243.076s, average loss: [0.047024 0.047001]/0.047013
Validation loss: [0.054298 0.051036]/0.052667
  LR: 1.00e-04
-------------------------
Epoch 40, time usage: 242.133s, average loss: [0.046706 0.046811]/0.046758
Validation loss: [0.053738 0.050429]/0.052083
  LR: 1.00e-04
Model saved to  output/train_llio128/checkpoints/checkpoint_40.pt
-------------------------
Epoch 41, time usage: 240.348s, average loss: [0.046805 0.046360]/0.046582
Validation loss: [0.053931 0.050404]/0.052167
  LR: 1.00e-04
-------------------------
Epoch 42, time usage: 242.101s, average loss: [0.046546 0.046354]/0.046450
Validation loss: [0.053657 0.050641]/0.052149
  LR: 1.00e-04
-------------------------
Epoch 43, time usage: 243.298s, average loss: [0.046264 0.046122]/0.046193
Validation loss: [0.053675 0.051618]/0.052647
  LR: 1.00e-04
-------------------------
Epoch 44, time usage: 243.695s, average loss: [0.045993 0.045911]/0.045952
Validation loss: [0.052800 0.050309]/0.051554
  LR: 1.00e-04
Model saved to  output/train_llio128/checkpoints/checkpoint_44.pt
-------------------------
Epoch 45, time usage: 244.763s, average loss: [0.045761 0.045811]/0.045786
Validation loss: [0.052738 0.050011]/0.051374
  LR: 1.00e-04
Model saved to  output/train_llio128/checkpoints/checkpoint_45.pt
-------------------------
Epoch 46, time usage: 240.492s, average loss: [0.045641 0.045530]/0.045585
Validation loss: [0.053135 0.049975]/0.051555
  LR: 1.00e-04
-------------------------
Epoch 47, time usage: 241.469s, average loss: [0.045325 0.045420]/0.045373
Validation loss: [0.052991 0.049808]/0.051399
  LR: 1.00e-04
-------------------------
Epoch 48, time usage: 245.784s, average loss: [0.045027 0.045302]/0.045164
Validation loss: [0.052769 0.049382]/0.051075
  LR: 1.00e-04
Model saved to  output/train_llio128/checkpoints/checkpoint_48.pt
-------------------------
Epoch 49, time usage: 242.913s, average loss: [0.045216 0.045196]/0.045206
Validation loss: [0.052697 0.049725]/0.051211
  LR: 1.00e-04
-------------------------
Epoch 50, time usage: 243.526s, average loss: [0.044952 0.044910]/0.044931
Validation loss: [0.052625 0.049891]/0.051258
  LR: 1.00e-04
-------------------------
Epoch 51, time usage: 245.059s, average loss: [0.044839 0.044885]/0.044862
Validation loss: [0.052780 0.049491]/0.051135
  LR: 1.00e-04
-------------------------
Epoch 52, time usage: 240.787s, average loss: [0.044704 0.044654]/0.044679
Validation loss: [0.052126 0.049656]/0.050891
  LR: 1.00e-04
Model saved to  output/train_llio128/checkpoints/checkpoint_52.pt
-------------------------
Epoch 53, time usage: 241.994s, average loss: [0.044572 0.044589]/0.044581
Validation loss: [0.052732 0.049566]/0.051149
  LR: 1.00e-04
-------------------------
Epoch 54, time usage: 240.235s, average loss: [0.044358 0.044641]/0.044500
Validation loss: [0.052665 0.049230]/0.050947
  LR: 1.00e-04
-------------------------
Epoch 55, time usage: 242.093s, average loss: [0.044443 0.044283]/0.044363
Validation loss: [0.052027 0.049767]/0.050897
  LR: 1.00e-04
-------------------------
Epoch 56, time usage: 243.326s, average loss: [0.044235 0.044203]/0.044219
Validation loss: [0.052315 0.049428]/0.050871
  LR: 1.00e-04
Model saved to  output/train_llio128/checkpoints/checkpoint_56.pt
-------------------------
Epoch 57, time usage: 240.509s, average loss: [0.044194 0.044011]/0.044102
Validation loss: [0.051986 0.048955]/0.050470
  LR: 1.00e-04
Model saved to  output/train_llio128/checkpoints/checkpoint_57.pt
-------------------------
Epoch 58, time usage: 242.926s, average loss: [0.044011 0.044017]/0.044014
Validation loss: [0.051904 0.049142]/0.050523
  LR: 1.00e-04
-------------------------
Epoch 59, time usage: 243.512s, average loss: [0.043912 0.043781]/0.043846
Validation loss: [0.051997 0.049140]/0.050568
  LR: 1.00e-04
-------------------------
Epoch 60, time usage: 242.285s, average loss: [0.043793 0.043743]/0.043768
Validation loss: [0.052300 0.048806]/0.050553
  LR: 1.00e-04
-------------------------
Epoch 61, time usage: 242.257s, average loss: [0.043736 0.043558]/0.043647
Validation loss: [0.052128 0.048468]/0.050298
  LR: 1.00e-04
Model saved to  output/train_llio128/checkpoints/checkpoint_61.pt
-------------------------
Epoch 62, time usage: 241.636s, average loss: [0.043603 0.043558]/0.043580
Validation loss: [0.051925 0.048834]/0.050380
  LR: 1.00e-04
-------------------------
Epoch 63, time usage: 239.174s, average loss: [0.043382 0.043429]/0.043405
Validation loss: [0.051635 0.048480]/0.050058
  LR: 1.00e-04
Model saved to  output/train_llio128/checkpoints/checkpoint_63.pt
-------------------------
Epoch 64, time usage: 239.432s, average loss: [0.043333 0.043340]/0.043337
Validation loss: [0.051448 0.048328]/0.049888
  LR: 1.00e-04
Model saved to  output/train_llio128/checkpoints/checkpoint_64.pt
-------------------------
Epoch 65, time usage: 244.821s, average loss: [0.043272 0.043256]/0.043264
Validation loss: [0.051696 0.048619]/0.050158
  LR: 1.00e-04
-------------------------
Epoch 66, time usage: 243.845s, average loss: [0.043048 0.043272]/0.043160
Validation loss: [0.052105 0.048145]/0.050125
  LR: 1.00e-04
-------------------------
Epoch 67, time usage: 242.631s, average loss: [0.043004 0.043171]/0.043088
Validation loss: [0.052076 0.047894]/0.049985
  LR: 1.00e-04
-------------------------
Epoch 68, time usage: 246.651s, average loss: [0.042882 0.043014]/0.042948
Validation loss: [0.051874 0.048408]/0.050141
  LR: 1.00e-04
-------------------------
Epoch 69, time usage: 242.709s, average loss: [0.042869 0.042949]/0.042909
Validation loss: [0.051596 0.047974]/0.049785
  LR: 1.00e-04
Model saved to  output/train_llio128/checkpoints/checkpoint_69.pt
-------------------------
Epoch 70, time usage: 241.677s, average loss: [0.042930 0.042702]/0.042816
Validation loss: [0.051631 0.048122]/0.049877
  LR: 1.00e-04
-------------------------
Epoch 71, time usage: 244.404s, average loss: [0.042794 0.042734]/0.042764
Validation loss: [0.051168 0.048439]/0.049803
  LR: 1.00e-04
-------------------------
Epoch 72, time usage: 244.004s, average loss: [0.042626 0.042836]/0.042731
Validation loss: [0.051581 0.047426]/0.049503
  LR: 1.00e-04
Model saved to  output/train_llio128/checkpoints/checkpoint_72.pt
-------------------------
Epoch 73, time usage: 243.969s, average loss: [0.042573 0.042549]/0.042561
Validation loss: [0.050793 0.047634]/0.049214
  LR: 1.00e-04
Model saved to  output/train_llio128/checkpoints/checkpoint_73.pt
-------------------------
Epoch 74, time usage: 243.213s, average loss: [0.042278 0.042723]/0.042500
Validation loss: [0.051146 0.047238]/0.049192
  LR: 1.00e-04
Model saved to  output/train_llio128/checkpoints/checkpoint_74.pt
-------------------------
Epoch 75, time usage: 242.446s, average loss: [0.042394 0.042449]/0.042421
Validation loss: [0.051093 0.047744]/0.049418
  LR: 1.00e-04
-------------------------
Epoch 76, time usage: 242.936s, average loss: [0.042428 0.042282]/0.042355
Validation loss: [0.051017 0.047064]/0.049041
  LR: 1.00e-04
Model saved to  output/train_llio128/checkpoints/checkpoint_76.pt
-------------------------
Epoch 77, time usage: 244.147s, average loss: [0.042104 0.042438]/0.042271
Validation loss: [0.051584 0.048435]/0.050010
  LR: 1.00e-04
-------------------------
Epoch 78, time usage: 245.718s, average loss: [0.042145 0.042236]/0.042190
Validation loss: [0.051128 0.047494]/0.049311
  LR: 1.00e-04
-------------------------
Epoch 79, time usage: 244.446s, average loss: [0.042136 0.042289]/0.042212
Validation loss: [0.050842 0.047333]/0.049087
  LR: 1.00e-04
-------------------------
Epoch 80, time usage: 245.307s, average loss: [0.042268 0.041903]/0.042085
Validation loss: [0.050566 0.046664]/0.048615
  LR: 1.00e-04
Model saved to  output/train_llio128/checkpoints/checkpoint_80.pt
-------------------------
Epoch 81, time usage: 245.419s, average loss: [0.041979 0.042095]/0.042037
Validation loss: [0.050803 0.046633]/0.048718
  LR: 1.00e-04
-------------------------
Epoch 82, time usage: 243.872s, average loss: [0.042065 0.041985]/0.042025
Validation loss: [0.050977 0.047296]/0.049136
  LR: 1.00e-04
-------------------------
Epoch 83, time usage: 244.851s, average loss: [0.041941 0.041793]/0.041867
Validation loss: [0.050721 0.047631]/0.049176
  LR: 1.00e-04
-------------------------
Epoch 84, time usage: 242.273s, average loss: [0.041949 0.041725]/0.041837
Validation loss: [0.050659 0.047874]/0.049267
  LR: 1.00e-04
-------------------------
Epoch 85, time usage: 243.636s, average loss: [0.041731 0.041776]/0.041754
Validation loss: [0.050962 0.046744]/0.048853
  LR: 1.00e-04
-------------------------
Epoch 86, time usage: 241.489s, average loss: [0.041672 0.041704]/0.041688
Validation loss: [0.050980 0.047360]/0.049170
  LR: 1.00e-04
-------------------------
Epoch 87, time usage: 241.136s, average loss: [0.041652 0.041683]/0.041667
Validation loss: [0.050439 0.046405]/0.048422
  LR: 1.00e-04
Model saved to  output/train_llio128/checkpoints/checkpoint_87.pt
-------------------------
Epoch 88, time usage: 244.230s, average loss: [0.041668 0.041532]/0.041600
Validation loss: [0.050151 0.046631]/0.048391
  LR: 1.00e-04
Model saved to  output/train_llio128/checkpoints/checkpoint_88.pt
-------------------------
Epoch 89, time usage: 244.597s, average loss: [0.041533 0.041442]/0.041487
Validation loss: [0.050460 0.046854]/0.048657
  LR: 1.00e-04
-------------------------
Epoch 90, time usage: 243.546s, average loss: [0.041465 0.041386]/0.041426
Validation loss: [0.050245 0.046134]/0.048190
  LR: 1.00e-04
Model saved to  output/train_llio128/checkpoints/checkpoint_90.pt
-------------------------
Epoch 91, time usage: 242.656s, average loss: [0.041260 0.041579]/0.041419
Validation loss: [0.050665 0.046406]/0.048536
  LR: 1.00e-04
-------------------------
Epoch 92, time usage: 244.483s, average loss: [0.041409 0.041320]/0.041364
Validation loss: [0.050124 0.046602]/0.048363
  LR: 1.00e-04
-------------------------
Epoch 93, time usage: 247.212s, average loss: [0.041366 0.041117]/0.041241
Validation loss: [0.049766 0.046103]/0.047934
  LR: 1.00e-04
Model saved to  output/train_llio128/checkpoints/checkpoint_93.pt
-------------------------
Epoch 94, time usage: 241.259s, average loss: [0.041166 0.041325]/0.041246
Validation loss: [0.049813 0.045896]/0.047854
  LR: 1.00e-04
Model saved to  output/train_llio128/checkpoints/checkpoint_94.pt
-------------------------
Epoch 95, time usage: 239.717s, average loss: [0.041107 0.041135]/0.041121
Validation loss: [0.049820 0.046130]/0.047975
  LR: 1.00e-04
-------------------------
Epoch 96, time usage: 235.795s, average loss: [0.041169 0.041124]/0.041147
Validation loss: [0.049786 0.046033]/0.047909
  LR: 1.00e-04
-------------------------
Epoch 97, time usage: 242.597s, average loss: [0.041089 0.041054]/0.041071
Validation loss: [0.050187 0.046019]/0.048103
  LR: 1.00e-04
-------------------------
Epoch 98, time usage: 241.877s, average loss: [0.041093 0.040891]/0.040992
Validation loss: [0.050424 0.046418]/0.048421
  LR: 1.00e-04
-------------------------
Epoch 99, time usage: 241.228s, average loss: [0.040910 0.040905]/0.040908
Validation loss: [0.049740 0.045643]/0.047691
  LR: 1.00e-04
Model saved to  output/train_llio128/checkpoints/checkpoint_99.pt
Training complete
Checkpoint saved to  output/train_llio128/checkpoints/checkpoint_latest.pt
